<?xml version="1.0"?>
<link_info>
   <banner>TI ARM Linker PC v5.2.3</banner>
   <copyright>Copyright (c) 1996-2015 Texas Instruments Incorporated</copyright>
   <link_time>0x55680ec0</link_time>
   <link_errors>0x0</link_errors>
   <output_file>Helicopter.out</output_file>
   <entry_point>
      <name>_c_int00</name>
      <address>0x40c1</address>
   </entry_point>
   <input_file_list>
      <input_file id="fl-2">
         <path>.\</path>
         <kind>object</kind>
         <file>altitude.obj</file>
         <name>altitude.obj</name>
      </input_file>
      <input_file id="fl-3">
         <path>.\</path>
         <kind>object</kind>
         <file>button.obj</file>
         <name>button.obj</name>
      </input_file>
      <input_file id="fl-4">
         <path>.\</path>
         <kind>object</kind>
         <file>buttonCheck.obj</file>
         <name>buttonCheck.obj</name>
      </input_file>
      <input_file id="fl-5">
         <path>.\</path>
         <kind>object</kind>
         <file>circBuf.obj</file>
         <name>circBuf.obj</name>
      </input_file>
      <input_file id="fl-6">
         <path>.\</path>
         <kind>object</kind>
         <file>display.obj</file>
         <name>display.obj</name>
      </input_file>
      <input_file id="fl-7">
         <path>.\</path>
         <kind>object</kind>
         <file>globals.obj</file>
         <name>globals.obj</name>
      </input_file>
      <input_file id="fl-8">
         <path>.\</path>
         <kind>object</kind>
         <file>helicopter.obj</file>
         <name>helicopter.obj</name>
      </input_file>
      <input_file id="fl-9">
         <path>.\</path>
         <kind>object</kind>
         <file>lm3s1968_startup_ccs.obj</file>
         <name>lm3s1968_startup_ccs.obj</name>
      </input_file>
      <input_file id="fl-a">
         <path>.\</path>
         <kind>object</kind>
         <file>motorControl.obj</file>
         <name>motorControl.obj</name>
      </input_file>
      <input_file id="fl-b">
         <path>.\</path>
         <kind>object</kind>
         <file>pid.obj</file>
         <name>pid.obj</name>
      </input_file>
      <input_file id="fl-c">
         <path>.\</path>
         <kind>object</kind>
         <file>rit128x96x4.obj</file>
         <name>rit128x96x4.obj</name>
      </input_file>
      <input_file id="fl-d">
         <path>.\</path>
         <kind>object</kind>
         <file>serialLink.obj</file>
         <name>serialLink.obj</name>
      </input_file>
      <input_file id="fl-e">
         <path>.\</path>
         <kind>object</kind>
         <file>ustdlib.obj</file>
         <name>ustdlib.obj</name>
      </input_file>
      <input_file id="fl-135">
         <path>C:\ti\ccsv6\tools\compiler\ti-cgt-arm_5.2.3\lib\</path>
         <kind>archive</kind>
         <file>rtsv7M3_T_le_eabi.lib</file>
         <name>boot.obj</name>
      </input_file>
      <input_file id="fl-136">
         <path>C:\ti\ccsv6\tools\compiler\ti-cgt-arm_5.2.3\lib\</path>
         <kind>archive</kind>
         <file>rtsv7M3_T_le_eabi.lib</file>
         <name>copy_decompress_none.obj</name>
      </input_file>
      <input_file id="fl-137">
         <path>C:\ti\ccsv6\tools\compiler\ti-cgt-arm_5.2.3\lib\</path>
         <kind>archive</kind>
         <file>rtsv7M3_T_le_eabi.lib</file>
         <name>copy_decompress_rle.obj</name>
      </input_file>
      <input_file id="fl-138">
         <path>C:\ti\ccsv6\tools\compiler\ti-cgt-arm_5.2.3\lib\</path>
         <kind>archive</kind>
         <file>rtsv7M3_T_le_eabi.lib</file>
         <name>copy_zero_init.obj</name>
      </input_file>
      <input_file id="fl-139">
         <path>C:\ti\ccsv6\tools\compiler\ti-cgt-arm_5.2.3\lib\</path>
         <kind>archive</kind>
         <file>rtsv7M3_T_le_eabi.lib</file>
         <name>exit.obj</name>
      </input_file>
      <input_file id="fl-13a">
         <path>C:\ti\ccsv6\tools\compiler\ti-cgt-arm_5.2.3\lib\</path>
         <kind>archive</kind>
         <file>rtsv7M3_T_le_eabi.lib</file>
         <name>fd_add_t2.obj</name>
      </input_file>
      <input_file id="fl-13b">
         <path>C:\ti\ccsv6\tools\compiler\ti-cgt-arm_5.2.3\lib\</path>
         <kind>archive</kind>
         <file>rtsv7M3_T_le_eabi.lib</file>
         <name>fd_div_t2.obj</name>
      </input_file>
      <input_file id="fl-13c">
         <path>C:\ti\ccsv6\tools\compiler\ti-cgt-arm_5.2.3\lib\</path>
         <kind>archive</kind>
         <file>rtsv7M3_T_le_eabi.lib</file>
         <name>fd_mul_t2.obj</name>
      </input_file>
      <input_file id="fl-13d">
         <path>C:\ti\ccsv6\tools\compiler\ti-cgt-arm_5.2.3\lib\</path>
         <kind>archive</kind>
         <file>rtsv7M3_T_le_eabi.lib</file>
         <name>memcpy_t2.obj</name>
      </input_file>
      <input_file id="fl-13e">
         <path>C:\ti\ccsv6\tools\compiler\ti-cgt-arm_5.2.3\lib\</path>
         <kind>archive</kind>
         <file>rtsv7M3_T_le_eabi.lib</file>
         <name>memory.obj</name>
      </input_file>
      <input_file id="fl-13f">
         <path>C:\ti\ccsv6\tools\compiler\ti-cgt-arm_5.2.3\lib\</path>
         <kind>archive</kind>
         <file>rtsv7M3_T_le_eabi.lib</file>
         <name>memset_t2.obj</name>
      </input_file>
      <input_file id="fl-140">
         <path>C:\ti\ccsv6\tools\compiler\ti-cgt-arm_5.2.3\lib\</path>
         <kind>archive</kind>
         <file>rtsv7M3_T_le_eabi.lib</file>
         <name>pre_init.obj</name>
      </input_file>
      <input_file id="fl-141">
         <path>C:\ti\ccsv6\tools\compiler\ti-cgt-arm_5.2.3\lib\</path>
         <kind>archive</kind>
         <file>rtsv7M3_T_le_eabi.lib</file>
         <name>snprintf.obj</name>
      </input_file>
      <input_file id="fl-142">
         <path>C:\ti\ccsv6\tools\compiler\ti-cgt-arm_5.2.3\lib\</path>
         <kind>archive</kind>
         <file>rtsv7M3_T_le_eabi.lib</file>
         <name>stkdepth_vars.obj</name>
      </input_file>
      <input_file id="fl-143">
         <path>C:\ti\ccsv6\tools\compiler\ti-cgt-arm_5.2.3\lib\</path>
         <kind>archive</kind>
         <file>rtsv7M3_T_le_eabi.lib</file>
         <name>strlen.obj</name>
      </input_file>
      <input_file id="fl-144">
         <path>C:\ti\ccsv6\tools\compiler\ti-cgt-arm_5.2.3\lib\</path>
         <kind>archive</kind>
         <file>rtsv7M3_T_le_eabi.lib</file>
         <name>u_divt2.obj</name>
      </input_file>
      <input_file id="fl-145">
         <path>C:\ti\ccsv6\tools\compiler\ti-cgt-arm_5.2.3\lib\</path>
         <kind>archive</kind>
         <file>rtsv7M3_T_le_eabi.lib</file>
         <name>ull_div_t2.obj</name>
      </input_file>
      <input_file id="fl-146">
         <path>C:\ti\ccsv6\tools\compiler\ti-cgt-arm_5.2.3\lib\</path>
         <kind>archive</kind>
         <file>rtsv7M3_T_le_eabi.lib</file>
         <name>_lock.obj</name>
      </input_file>
      <input_file id="fl-147">
         <path>C:\ti\ccsv6\tools\compiler\ti-cgt-arm_5.2.3\lib\</path>
         <kind>archive</kind>
         <file>rtsv7M3_T_le_eabi.lib</file>
         <name>_printfi.obj</name>
      </input_file>
      <input_file id="fl-148">
         <path>C:\ti\ccsv6\tools\compiler\ti-cgt-arm_5.2.3\lib\</path>
         <kind>archive</kind>
         <file>rtsv7M3_T_le_eabi.lib</file>
         <name>args_main.obj</name>
      </input_file>
      <input_file id="fl-149">
         <path>C:\ti\ccsv6\tools\compiler\ti-cgt-arm_5.2.3\lib\</path>
         <kind>archive</kind>
         <file>rtsv7M3_T_le_eabi.lib</file>
         <name>atoi.obj</name>
      </input_file>
      <input_file id="fl-14a">
         <path>C:\ti\ccsv6\tools\compiler\ti-cgt-arm_5.2.3\lib\</path>
         <kind>archive</kind>
         <file>rtsv7M3_T_le_eabi.lib</file>
         <name>autoinit.obj</name>
      </input_file>
      <input_file id="fl-14b">
         <path>C:\ti\ccsv6\tools\compiler\ti-cgt-arm_5.2.3\lib\</path>
         <kind>archive</kind>
         <file>rtsv7M3_T_le_eabi.lib</file>
         <name>cpy_tbl.obj</name>
      </input_file>
      <input_file id="fl-14c">
         <path>C:\ti\ccsv6\tools\compiler\ti-cgt-arm_5.2.3\lib\</path>
         <kind>archive</kind>
         <file>rtsv7M3_T_le_eabi.lib</file>
         <name>ctype.obj</name>
      </input_file>
      <input_file id="fl-14d">
         <path>C:\ti\ccsv6\tools\compiler\ti-cgt-arm_5.2.3\lib\</path>
         <kind>archive</kind>
         <file>rtsv7M3_T_le_eabi.lib</file>
         <name>fd_cmp_t2.obj</name>
      </input_file>
      <input_file id="fl-14e">
         <path>C:\ti\ccsv6\tools\compiler\ti-cgt-arm_5.2.3\lib\</path>
         <kind>archive</kind>
         <file>rtsv7M3_T_le_eabi.lib</file>
         <name>fd_toi_t2.obj</name>
      </input_file>
      <input_file id="fl-14f">
         <path>C:\ti\ccsv6\tools\compiler\ti-cgt-arm_5.2.3\lib\</path>
         <kind>archive</kind>
         <file>rtsv7M3_T_le_eabi.lib</file>
         <name>frexp.obj</name>
      </input_file>
      <input_file id="fl-150">
         <path>C:\ti\ccsv6\tools\compiler\ti-cgt-arm_5.2.3\lib\</path>
         <kind>archive</kind>
         <file>rtsv7M3_T_le_eabi.lib</file>
         <name>i_div0.obj</name>
      </input_file>
      <input_file id="fl-151">
         <path>C:\ti\ccsv6\tools\compiler\ti-cgt-arm_5.2.3\lib\</path>
         <kind>archive</kind>
         <file>rtsv7M3_T_le_eabi.lib</file>
         <name>i_tofd_t2.obj</name>
      </input_file>
      <input_file id="fl-152">
         <path>C:\ti\ccsv6\tools\compiler\ti-cgt-arm_5.2.3\lib\</path>
         <kind>archive</kind>
         <file>rtsv7M3_T_le_eabi.lib</file>
         <name>ldexp.obj</name>
      </input_file>
      <input_file id="fl-153">
         <path>C:\ti\ccsv6\tools\compiler\ti-cgt-arm_5.2.3\lib\</path>
         <kind>archive</kind>
         <file>rtsv7M3_T_le_eabi.lib</file>
         <name>ltoa.obj</name>
      </input_file>
      <input_file id="fl-154">
         <path>C:\ti\ccsv6\tools\compiler\ti-cgt-arm_5.2.3\lib\</path>
         <kind>archive</kind>
         <file>rtsv7M3_T_le_eabi.lib</file>
         <name>memccpy.obj</name>
      </input_file>
      <input_file id="fl-155">
         <path>C:\ti\ccsv6\tools\compiler\ti-cgt-arm_5.2.3\lib\</path>
         <kind>archive</kind>
         <file>rtsv7M3_T_le_eabi.lib</file>
         <name>strchr.obj</name>
      </input_file>
      <input_file id="fl-156">
         <path>C:\ti\ccsv6\tools\compiler\ti-cgt-arm_5.2.3\lib\</path>
         <kind>archive</kind>
         <file>rtsv7M3_T_le_eabi.lib</file>
         <name>xdclass.obj</name>
      </input_file>
      <input_file id="fl-157">
         <path>C:\ti\ccsv6\tools\compiler\ti-cgt-arm_5.2.3\lib\</path>
         <kind>archive</kind>
         <file>rtsv7M3_T_le_eabi.lib</file>
         <name>xdscale.obj</name>
      </input_file>
      <input_file id="fl-158">
         <path>C:\ti\ccsv6\tools\compiler\ti-cgt-arm_5.2.3\lib\</path>
         <kind>archive</kind>
         <file>rtsv7M3_T_le_eabi.lib</file>
         <name>xdunscal.obj</name>
      </input_file>
      <input_file id="fl-159">
         <path>C:\ti\ccsv6\tools\compiler\ti-cgt-arm_5.2.3\lib\</path>
         <kind>archive</kind>
         <file>rtsv7M3_T_le_eabi.lib</file>
         <name>xferaise.obj</name>
      </input_file>
      <input_file id="fl-15a">
         <path>C:\ti\ccsv6\tools\compiler\ti-cgt-arm_5.2.3\lib\</path>
         <kind>archive</kind>
         <file>rtsv7M3_T_le_eabi.lib</file>
         <name>xvalues.obj</name>
      </input_file>
      <input_file id="fl-15b">
         <path>C:\ti\ccsv6\tools\compiler\ti-cgt-arm_5.2.3\lib\</path>
         <kind>archive</kind>
         <file>rtsv7M3_T_le_eabi.lib</file>
         <name>errno.obj</name>
      </input_file>
      <input_file id="fl-15c">
         <path>C:\ti\ccsv6\tools\compiler\ti-cgt-arm_5.2.3\lib\</path>
         <kind>archive</kind>
         <file>rtsv7M3_T_le_eabi.lib</file>
         <name>feraiseexcept.obj</name>
      </input_file>
      <input_file id="fl-15d">
         <path>C:\ti\ccsv6\tools\compiler\ti-cgt-arm_5.2.3\lib\</path>
         <kind>archive</kind>
         <file>rtsv7M3_T_le_eabi.lib</file>
         <name>raise.obj</name>
      </input_file>
      <input_file id="fl-15e">
         <path>C:\ti\ccsv6\tools\compiler\ti-cgt-arm_5.2.3\lib\</path>
         <kind>archive</kind>
         <file>rtsv7M3_T_le_eabi.lib</file>
         <name>signal.obj</name>
      </input_file>
      <input_file id="fl-15f">
         <path>C:\ti\ccsv6\tools\compiler\ti-cgt-arm_5.2.3\lib\</path>
         <kind>archive</kind>
         <file>rtsv7M3_T_le_eabi.lib</file>
         <name>xdnorm.obj</name>
      </input_file>
      <input_file id="fl-160">
         <path>C:\ti\StellarisWare\driverlib\ccs-cm3\Debug\</path>
         <kind>archive</kind>
         <file>driverlib-cm3.lib</file>
         <name>adc.obj</name>
      </input_file>
      <input_file id="fl-161">
         <path>C:\ti\StellarisWare\driverlib\ccs-cm3\Debug\</path>
         <kind>archive</kind>
         <file>driverlib-cm3.lib</file>
         <name>gpio.obj</name>
      </input_file>
      <input_file id="fl-162">
         <path>C:\ti\StellarisWare\driverlib\ccs-cm3\Debug\</path>
         <kind>archive</kind>
         <file>driverlib-cm3.lib</file>
         <name>interrupt.obj</name>
      </input_file>
      <input_file id="fl-163">
         <path>C:\ti\StellarisWare\driverlib\ccs-cm3\Debug\</path>
         <kind>archive</kind>
         <file>driverlib-cm3.lib</file>
         <name>pwm.obj</name>
      </input_file>
      <input_file id="fl-164">
         <path>C:\ti\StellarisWare\driverlib\ccs-cm3\Debug\</path>
         <kind>archive</kind>
         <file>driverlib-cm3.lib</file>
         <name>ssi.obj</name>
      </input_file>
      <input_file id="fl-165">
         <path>C:\ti\StellarisWare\driverlib\ccs-cm3\Debug\</path>
         <kind>archive</kind>
         <file>driverlib-cm3.lib</file>
         <name>sysctl.obj</name>
      </input_file>
      <input_file id="fl-166">
         <path>C:\ti\StellarisWare\driverlib\ccs-cm3\Debug\</path>
         <kind>archive</kind>
         <file>driverlib-cm3.lib</file>
         <name>systick.obj</name>
      </input_file>
      <input_file id="fl-167">
         <path>C:\ti\StellarisWare\driverlib\ccs-cm3\Debug\</path>
         <kind>archive</kind>
         <file>driverlib-cm3.lib</file>
         <name>timer.obj</name>
      </input_file>
      <input_file id="fl-168">
         <path>C:\ti\StellarisWare\driverlib\ccs-cm3\Debug\</path>
         <kind>archive</kind>
         <file>driverlib-cm3.lib</file>
         <name>uart.obj</name>
      </input_file>
      <input_file id="fl-169">
         <path>C:\ti\StellarisWare\driverlib\ccs-cm3\Debug\</path>
         <kind>archive</kind>
         <file>driverlib-cm3.lib</file>
         <name>cpu.obj</name>
      </input_file>
   </input_file_list>
   <object_component_list>
      <object_component id="oc-f">
         <name>.intvecs</name>
         <load_address>0x0</load_address>
         <run_address>0x0</run_address>
         <size>0xf0</size>
         <input_file_ref idref="fl-9"/>
      </object_component>
      <object_component id="oc-1e9">
         <name>.text</name>
         <load_address>0xf0</load_address>
         <run_address>0xf0</run_address>
         <size>0x109a</size>
         <input_file_ref idref="fl-147"/>
      </object_component>
      <object_component id="oc-a4">
         <name>.text</name>
         <load_address>0x118c</load_address>
         <run_address>0x118c</run_address>
         <size>0x5b4</size>
         <input_file_ref idref="fl-8"/>
      </object_component>
      <object_component id="oc-257">
         <name>.text</name>
         <load_address>0x1740</load_address>
         <run_address>0x1740</run_address>
         <size>0x510</size>
         <input_file_ref idref="fl-c"/>
      </object_component>
      <object_component id="oc-156">
         <name>.text</name>
         <load_address>0x1c50</load_address>
         <run_address>0x1c50</run_address>
         <size>0x430</size>
         <input_file_ref idref="fl-a"/>
      </object_component>
      <object_component id="oc-3ac">
         <name>.text</name>
         <load_address>0x2080</load_address>
         <run_address>0x2080</run_address>
         <size>0x3dc</size>
         <input_file_ref idref="fl-13e"/>
      </object_component>
      <object_component id="oc-de">
         <name>.text</name>
         <load_address>0x245c</load_address>
         <run_address>0x245c</run_address>
         <size>0x3b8</size>
         <input_file_ref idref="fl-3"/>
      </object_component>
      <object_component id="oc-28f">
         <name>.text</name>
         <load_address>0x2814</load_address>
         <run_address>0x2814</run_address>
         <size>0x1f4</size>
         <input_file_ref idref="fl-145"/>
      </object_component>
      <object_component id="oc-30d">
         <name>.text</name>
         <load_address>0x2a08</load_address>
         <run_address>0x2a08</run_address>
         <size>0x1b6</size>
         <input_file_ref idref="fl-13a"/>
      </object_component>
      <object_component id="oc-108">
         <name>.text:SysCtlClockGet</name>
         <load_address>0x2bc0</load_address>
         <run_address>0x2bc0</run_address>
         <size>0x184</size>
         <input_file_ref idref="fl-165"/>
      </object_component>
      <object_component id="oc-168">
         <name>.text</name>
         <load_address>0x2d44</load_address>
         <run_address>0x2d44</run_address>
         <size>0x180</size>
         <input_file_ref idref="fl-6"/>
      </object_component>
      <object_component id="oc-16e">
         <name>.text</name>
         <load_address>0x2ec4</load_address>
         <run_address>0x2ec4</run_address>
         <size>0x15c</size>
         <input_file_ref idref="fl-2"/>
      </object_component>
      <object_component id="oc-174">
         <name>.text</name>
         <load_address>0x3020</load_address>
         <run_address>0x3020</run_address>
         <size>0x148</size>
         <input_file_ref idref="fl-4"/>
      </object_component>
      <object_component id="oc-2f3">
         <name>.text</name>
         <load_address>0x3168</load_address>
         <run_address>0x3168</run_address>
         <size>0x136</size>
         <input_file_ref idref="fl-13b"/>
      </object_component>
      <object_component id="oc-162">
         <name>.text:SysCtlClockSet</name>
         <load_address>0x32a0</load_address>
         <run_address>0x32a0</run_address>
         <size>0x134</size>
         <input_file_ref idref="fl-165"/>
      </object_component>
      <object_component id="oc-3e0">
         <name>.text</name>
         <load_address>0x33d4</load_address>
         <run_address>0x33d4</run_address>
         <size>0x110</size>
         <input_file_ref idref="fl-157"/>
      </object_component>
      <object_component id="oc-2ee">
         <name>.text</name>
         <load_address>0x34e4</load_address>
         <run_address>0x34e4</run_address>
         <size>0xfc</size>
         <input_file_ref idref="fl-13c"/>
      </object_component>
      <object_component id="oc-41f">
         <name>.text</name>
         <load_address>0x35e0</load_address>
         <run_address>0x35e0</run_address>
         <size>0xbe</size>
         <input_file_ref idref="fl-15f"/>
      </object_component>
      <object_component id="oc-fc">
         <name>.text:GPIOPadConfigSet</name>
         <load_address>0x369e</load_address>
         <run_address>0x369e</run_address>
         <size>0xba</size>
         <input_file_ref idref="fl-161"/>
      </object_component>
      <object_component id="oc-26b">
         <name>.text</name>
         <load_address>0x3758</load_address>
         <run_address>0x3758</run_address>
         <size>0xb8</size>
         <input_file_ref idref="fl-5"/>
      </object_component>
      <object_component id="oc-36">
         <name>.text</name>
         <load_address>0x3810</load_address>
         <run_address>0x3810</run_address>
         <size>0x9c</size>
         <input_file_ref idref="fl-13d"/>
      </object_component>
      <object_component id="oc-14a">
         <name>.text</name>
         <load_address>0x38ac</load_address>
         <run_address>0x38ac</run_address>
         <size>0x94</size>
         <input_file_ref idref="fl-141"/>
      </object_component>
      <object_component id="oc-ea">
         <name>.text:SysCtlPeripheralReset</name>
         <load_address>0x3940</load_address>
         <run_address>0x3940</run_address>
         <size>0x8c</size>
         <input_file_ref idref="fl-165"/>
      </object_component>
      <object_component id="oc-2e9">
         <name>.text:__aeabi_cdcmple</name>
         <load_address>0x39cc</load_address>
         <run_address>0x39cc</run_address>
         <size>0x86</size>
         <input_file_ref idref="fl-14d"/>
      </object_component>
      <object_component id="oc-2f8">
         <name>.text:__aeabi_cdrcmple</name>
         <load_address>0x3a52</load_address>
         <run_address>0x3a52</run_address>
         <size>0x86</size>
         <input_file_ref idref="fl-14d"/>
      </object_component>
      <object_component id="oc-4f">
         <name>.text</name>
         <load_address>0x3ad8</load_address>
         <run_address>0x3ad8</run_address>
         <size>0x7a</size>
         <input_file_ref idref="fl-13f"/>
      </object_component>
      <object_component id="oc-15c">
         <name>.text</name>
         <load_address>0x3b54</load_address>
         <run_address>0x3b54</run_address>
         <size>0x70</size>
         <input_file_ref idref="fl-d"/>
      </object_component>
      <object_component id="oc-277">
         <name>.text:ADCSequenceStepConfigure</name>
         <load_address>0x3bc4</load_address>
         <run_address>0x3bc4</run_address>
         <size>0x6c</size>
         <input_file_ref idref="fl-160"/>
      </object_component>
      <object_component id="oc-61">
         <name>.text</name>
         <load_address>0x3c30</load_address>
         <run_address>0x3c30</run_address>
         <size>0x6c</size>
         <input_file_ref idref="fl-14a"/>
      </object_component>
      <object_component id="oc-42">
         <name>.text</name>
         <load_address>0x3c9c</load_address>
         <run_address>0x3c9c</run_address>
         <size>0x6a</size>
         <input_file_ref idref="fl-137"/>
      </object_component>
      <object_component id="oc-1dc">
         <name>.text:IntEnable</name>
         <load_address>0x3d08</load_address>
         <run_address>0x3d08</run_address>
         <size>0x68</size>
         <input_file_ref idref="fl-162"/>
      </object_component>
      <object_component id="oc-3d8">
         <name>.text</name>
         <load_address>0x3d70</load_address>
         <run_address>0x3d70</run_address>
         <size>0x66</size>
         <input_file_ref idref="fl-158"/>
      </object_component>
      <object_component id="oc-f0">
         <name>.text:SysCtlPeripheralEnable</name>
         <load_address>0x3dd8</load_address>
         <run_address>0x3dd8</run_address>
         <size>0x5c</size>
         <input_file_ref idref="fl-165"/>
      </object_component>
      <object_component id="oc-302">
         <name>.text</name>
         <load_address>0x3e34</load_address>
         <run_address>0x3e34</run_address>
         <size>0x56</size>
         <input_file_ref idref="fl-153"/>
      </object_component>
      <object_component id="oc-330">
         <name>.text</name>
         <load_address>0x3e8c</load_address>
         <run_address>0x3e8c</run_address>
         <size>0x4c</size>
         <input_file_ref idref="fl-149"/>
      </object_component>
      <object_component id="oc-9c">
         <name>.text</name>
         <load_address>0x3ed8</load_address>
         <run_address>0x3ed8</run_address>
         <size>0x4c</size>
         <input_file_ref idref="fl-14b"/>
      </object_component>
      <object_component id="oc-2fd">
         <name>.text</name>
         <load_address>0x3f24</load_address>
         <run_address>0x3f24</run_address>
         <size>0x48</size>
         <input_file_ref idref="fl-14e"/>
      </object_component>
      <object_component id="oc-23c">
         <name>.text:UARTConfigSetExpClk</name>
         <load_address>0x3f6c</load_address>
         <run_address>0x3f6c</run_address>
         <size>0x46</size>
         <input_file_ref idref="fl-168"/>
      </object_component>
      <object_component id="oc-318">
         <name>.text</name>
         <load_address>0x3fb2</load_address>
         <run_address>0x3fb2</run_address>
         <size>0x46</size>
         <input_file_ref idref="fl-152"/>
      </object_component>
      <object_component id="oc-6d">
         <name>.text</name>
         <load_address>0x3ff8</load_address>
         <run_address>0x3ff8</run_address>
         <size>0x44</size>
         <input_file_ref idref="fl-139"/>
      </object_component>
      <object_component id="oc-37a">
         <name>.text:SSIConfigSetExpClk</name>
         <load_address>0x403c</load_address>
         <run_address>0x403c</run_address>
         <size>0x42</size>
         <input_file_ref idref="fl-164"/>
      </object_component>
      <object_component id="oc-466">
         <name>.text</name>
         <load_address>0x4080</load_address>
         <run_address>0x4080</run_address>
         <size>0x40</size>
         <input_file_ref idref="fl-15e"/>
      </object_component>
      <object_component id="oc-24">
         <name>.text</name>
         <load_address>0x40c0</load_address>
         <run_address>0x40c0</run_address>
         <size>0x3c</size>
         <input_file_ref idref="fl-135"/>
      </object_component>
      <object_component id="oc-132">
         <name>.text:TimerIntRegister</name>
         <load_address>0x40fc</load_address>
         <run_address>0x40fc</run_address>
         <size>0x36</size>
         <input_file_ref idref="fl-167"/>
      </object_component>
      <object_component id="oc-1cb">
         <name>.text:IntRegister</name>
         <load_address>0x4134</load_address>
         <run_address>0x4134</run_address>
         <size>0x34</size>
         <input_file_ref idref="fl-162"/>
      </object_component>
      <object_component id="oc-42e">
         <name>.text</name>
         <load_address>0x4168</load_address>
         <run_address>0x4168</run_address>
         <size>0x34</size>
         <input_file_ref idref="fl-15c"/>
      </object_component>
      <object_component id="oc-3e6">
         <name>.text</name>
         <load_address>0x419c</load_address>
         <run_address>0x419c</run_address>
         <size>0x30</size>
         <input_file_ref idref="fl-159"/>
      </object_component>
      <object_component id="oc-308">
         <name>.text</name>
         <load_address>0x41cc</load_address>
         <run_address>0x41cc</run_address>
         <size>0x2e</size>
         <input_file_ref idref="fl-151"/>
      </object_component>
      <object_component id="oc-456">
         <name>.text</name>
         <load_address>0x41fa</load_address>
         <run_address>0x41fa</run_address>
         <size>0x2e</size>
         <input_file_ref idref="fl-15d"/>
      </object_component>
      <object_component id="oc-271">
         <name>.text:ADCSequenceConfigure</name>
         <load_address>0x4228</load_address>
         <run_address>0x4228</run_address>
         <size>0x2a</size>
         <input_file_ref idref="fl-160"/>
      </object_component>
      <object_component id="oc-1a6">
         <name>.text:GPIODirModeSet</name>
         <load_address>0x4252</load_address>
         <run_address>0x4252</run_address>
         <size>0x2a</size>
         <input_file_ref idref="fl-161"/>
      </object_component>
      <object_component id="oc-324">
         <name>.text</name>
         <load_address>0x427c</load_address>
         <run_address>0x427c</run_address>
         <size>0x2a</size>
         <input_file_ref idref="fl-156"/>
      </object_component>
      <object_component id="oc-126">
         <name>.text:TimerConfigure</name>
         <load_address>0x42a8</load_address>
         <run_address>0x42a8</run_address>
         <size>0x28</size>
         <input_file_ref idref="fl-167"/>
      </object_component>
      <object_component id="oc-283">
         <name>.text:ADCIntRegister</name>
         <load_address>0x42d0</load_address>
         <run_address>0x42d0</run_address>
         <size>0x24</size>
         <input_file_ref idref="fl-160"/>
      </object_component>
      <object_component id="oc-202">
         <name>.text:PWMGenConfigure</name>
         <load_address>0x42f4</load_address>
         <run_address>0x42f4</run_address>
         <size>0x22</size>
         <input_file_ref idref="fl-163"/>
      </object_component>
      <object_component id="oc-312">
         <name>.text</name>
         <load_address>0x4316</load_address>
         <run_address>0x4316</run_address>
         <size>0x22</size>
         <input_file_ref idref="fl-14f"/>
      </object_component>
      <object_component id="oc-1d6">
         <name>.text:TimerIntNumberGet</name>
         <load_address>0x4338</load_address>
         <run_address>0x4338</run_address>
         <size>0x20</size>
         <input_file_ref idref="fl-167"/>
      </object_component>
      <object_component id="oc-352">
         <name>.text:UARTDisable</name>
         <load_address>0x4358</load_address>
         <run_address>0x4358</run_address>
         <size>0x20</size>
         <input_file_ref idref="fl-168"/>
      </object_component>
      <object_component id="oc-265">
         <name>.text:ADCSequenceDataGet</name>
         <load_address>0x4378</load_address>
         <run_address>0x4378</run_address>
         <size>0x1e</size>
         <input_file_ref idref="fl-160"/>
      </object_component>
      <object_component id="oc-22c">
         <name>.text:PWMPulseWidthGet</name>
         <load_address>0x4396</load_address>
         <run_address>0x4396</run_address>
         <size>0x1e</size>
         <input_file_ref idref="fl-163"/>
      </object_component>
      <object_component id="oc-214">
         <name>.text:PWMPulseWidthSet</name>
         <load_address>0x43b4</load_address>
         <run_address>0x43b4</run_address>
         <size>0x1e</size>
         <input_file_ref idref="fl-163"/>
      </object_component>
      <object_component id="oc-114">
         <name>.text:SysTickIntRegister</name>
         <load_address>0x43d4</load_address>
         <run_address>0x43d4</run_address>
         <size>0x1c</size>
         <input_file_ref idref="fl-166"/>
      </object_component>
      <object_component id="oc-d8">
         <name>.text:ADCProcessorTrigger</name>
         <load_address>0x43f0</load_address>
         <run_address>0x43f0</run_address>
         <size>0x1a</size>
         <input_file_ref idref="fl-160"/>
      </object_component>
      <object_component id="oc-32a">
         <name>.text</name>
         <load_address>0x440a</load_address>
         <run_address>0x440a</run_address>
         <size>0x1a</size>
         <input_file_ref idref="fl-154"/>
      </object_component>
      <object_component id="oc-67">
         <name>.text</name>
         <load_address>0x4424</load_address>
         <run_address>0x4424</run_address>
         <size>0x18</size>
         <input_file_ref idref="fl-148"/>
      </object_component>
      <object_component id="oc-31e">
         <name>.text</name>
         <load_address>0x443c</load_address>
         <run_address>0x443c</run_address>
         <size>0x16</size>
         <input_file_ref idref="fl-155"/>
      </object_component>
      <object_component id="oc-208">
         <name>.text:SysCtlPWMClockSet</name>
         <load_address>0x4454</load_address>
         <run_address>0x4454</run_address>
         <size>0x14</size>
         <input_file_ref idref="fl-165"/>
      </object_component>
      <object_component id="oc-120">
         <name>.text:SysTickEnable</name>
         <load_address>0x4468</load_address>
         <run_address>0x4468</run_address>
         <size>0x14</size>
         <input_file_ref idref="fl-166"/>
      </object_component>
      <object_component id="oc-11a">
         <name>.text:SysTickIntEnable</name>
         <load_address>0x447c</load_address>
         <run_address>0x447c</run_address>
         <size>0x14</size>
         <input_file_ref idref="fl-166"/>
      </object_component>
      <object_component id="oc-248">
         <name>.text:UARTEnable</name>
         <load_address>0x4490</load_address>
         <run_address>0x4490</run_address>
         <size>0x14</size>
         <input_file_ref idref="fl-168"/>
      </object_component>
      <object_component id="oc-18c">
         <name>.text</name>
         <load_address>0x44a4</load_address>
         <run_address>0x44a4</run_address>
         <size>0x14</size>
         <input_file_ref idref="fl-146"/>
      </object_component>
      <object_component id="oc-150">
         <name>.text</name>
         <load_address>0x44b8</load_address>
         <run_address>0x44b8</run_address>
         <size>0x14</size>
         <input_file_ref idref="fl-143"/>
      </object_component>
      <object_component id="oc-f6">
         <name>.text:GPIOPinTypeGPIOInput</name>
         <load_address>0x44cc</load_address>
         <run_address>0x44cc</run_address>
         <size>0x12</size>
         <input_file_ref idref="fl-161"/>
      </object_component>
      <object_component id="oc-392">
         <name>.text:GPIOPinTypeGPIOOutput</name>
         <load_address>0x44de</load_address>
         <run_address>0x44de</run_address>
         <size>0x12</size>
         <input_file_ref idref="fl-161"/>
      </object_component>
      <object_component id="oc-102">
         <name>.text:GPIOPinTypePWM</name>
         <load_address>0x44f0</load_address>
         <run_address>0x44f0</run_address>
         <size>0x12</size>
         <input_file_ref idref="fl-161"/>
      </object_component>
      <object_component id="oc-380">
         <name>.text:GPIOPinTypeSSI</name>
         <load_address>0x4502</load_address>
         <run_address>0x4502</run_address>
         <size>0x12</size>
         <input_file_ref idref="fl-161"/>
      </object_component>
      <object_component id="oc-236">
         <name>.text:GPIOPinTypeUART</name>
         <load_address>0x4514</load_address>
         <run_address>0x4514</run_address>
         <size>0x12</size>
         <input_file_ref idref="fl-161"/>
      </object_component>
      <object_component id="oc-226">
         <name>.text:PWMGenPeriodGet</name>
         <load_address>0x4526</load_address>
         <run_address>0x4526</run_address>
         <size>0x12</size>
         <input_file_ref idref="fl-163"/>
      </object_component>
      <object_component id="oc-21a">
         <name>.text:PWMOutputState</name>
         <load_address>0x4538</load_address>
         <run_address>0x4538</run_address>
         <size>0x12</size>
         <input_file_ref idref="fl-163"/>
      </object_component>
      <object_component id="oc-38c">
         <name>.text:SSIDataGetNonBlocking</name>
         <load_address>0x454a</load_address>
         <run_address>0x454a</run_address>
         <size>0x12</size>
         <input_file_ref idref="fl-164"/>
      </object_component>
      <object_component id="oc-12c">
         <name>.text:TimerLoadSet</name>
         <load_address>0x455c</load_address>
         <run_address>0x455c</run_address>
         <size>0x12</size>
         <input_file_ref idref="fl-167"/>
      </object_component>
      <object_component id="oc-289">
         <name>.text:ADCIntEnable</name>
         <load_address>0x456e</load_address>
         <run_address>0x456e</run_address>
         <size>0x10</size>
         <input_file_ref idref="fl-160"/>
      </object_component>
      <object_component id="oc-20e">
         <name>.text:PWMGenPeriodSet</name>
         <load_address>0x457e</load_address>
         <run_address>0x457e</run_address>
         <size>0x10</size>
         <input_file_ref idref="fl-163"/>
      </object_component>
      <object_component id="oc-29b">
         <name>.text:SysCtlReset</name>
         <load_address>0x4590</load_address>
         <run_address>0x4590</run_address>
         <size>0x10</size>
         <input_file_ref idref="fl-165"/>
      </object_component>
      <object_component id="oc-10e">
         <name>.text:SysTickPeriodSet</name>
         <load_address>0x45a0</load_address>
         <run_address>0x45a0</run_address>
         <size>0x10</size>
         <input_file_ref idref="fl-166"/>
      </object_component>
      <object_component id="oc-27d">
         <name>.text:ADCSequenceEnable</name>
         <load_address>0x45b0</load_address>
         <run_address>0x45b0</run_address>
         <size>0xe</size>
         <input_file_ref idref="fl-160"/>
      </object_component>
      <object_component id="oc-13e">
         <name>.text:TimerEnable</name>
         <load_address>0x45be</load_address>
         <run_address>0x45be</run_address>
         <size>0xe</size>
         <input_file_ref idref="fl-167"/>
      </object_component>
      <object_component id="oc-12">
         <name>.text:decompress:none</name>
         <load_address>0x45cc</load_address>
         <run_address>0x45cc</run_address>
         <size>0xe</size>
         <input_file_ref idref="fl-136"/>
      </object_component>
      <object_component id="oc-2a2">
         <name>.text:CPUcpsie</name>
         <load_address>0x45da</load_address>
         <run_address>0x45da</run_address>
         <size>0xc</size>
         <input_file_ref idref="fl-169"/>
      </object_component>
      <object_component id="oc-1e">
         <name>.text:decompress:ZI</name>
         <load_address>0x45e6</load_address>
         <run_address>0x45e6</run_address>
         <size>0xc</size>
         <input_file_ref idref="fl-138"/>
      </object_component>
      <object_component id="oc-2d">
         <name>.text</name>
         <load_address>0x45f2</load_address>
         <run_address>0x45f2</run_address>
         <size>0xc</size>
         <input_file_ref idref="fl-9"/>
      </object_component>
      <object_component id="oc-25f">
         <name>.text:ADCIntClear</name>
         <load_address>0x45fe</load_address>
         <run_address>0x45fe</run_address>
         <size>0xa</size>
         <input_file_ref idref="fl-160"/>
      </object_component>
      <object_component id="oc-17a">
         <name>.text:IntMasterEnable</name>
         <load_address>0x4608</load_address>
         <run_address>0x4608</run_address>
         <size>0xa</size>
         <input_file_ref idref="fl-162"/>
      </object_component>
      <object_component id="oc-220">
         <name>.text:PWMGenEnable</name>
         <load_address>0x4612</load_address>
         <run_address>0x4612</run_address>
         <size>0xa</size>
         <input_file_ref idref="fl-163"/>
      </object_component>
      <object_component id="oc-36b">
         <name>.text:SSIDataPut</name>
         <load_address>0x461c</load_address>
         <run_address>0x461c</run_address>
         <size>0xa</size>
         <input_file_ref idref="fl-164"/>
      </object_component>
      <object_component id="oc-374">
         <name>.text:SSIDisable</name>
         <load_address>0x4626</load_address>
         <run_address>0x4626</run_address>
         <size>0xa</size>
         <input_file_ref idref="fl-164"/>
      </object_component>
      <object_component id="oc-386">
         <name>.text:SSIEnable</name>
         <load_address>0x4630</load_address>
         <run_address>0x4630</run_address>
         <size>0xa</size>
         <input_file_ref idref="fl-164"/>
      </object_component>
      <object_component id="oc-24e">
         <name>.text:UARTCharPut</name>
         <load_address>0x463a</load_address>
         <run_address>0x463a</run_address>
         <size>0xa</size>
         <input_file_ref idref="fl-168"/>
      </object_component>
      <object_component id="oc-242">
         <name>.text:UARTFIFOEnable</name>
         <load_address>0x4644</load_address>
         <run_address>0x4644</run_address>
         <size>0xa</size>
         <input_file_ref idref="fl-168"/>
      </object_component>
      <object_component id="oc-35f">
         <name>.text:SSIBusy</name>
         <load_address>0x464e</load_address>
         <run_address>0x464e</run_address>
         <size>0x8</size>
         <input_file_ref idref="fl-164"/>
      </object_component>
      <object_component id="oc-138">
         <name>.text:TimerIntEnable</name>
         <load_address>0x4656</load_address>
         <run_address>0x4656</run_address>
         <size>0x8</size>
         <input_file_ref idref="fl-167"/>
      </object_component>
      <object_component id="oc-e4">
         <name>.text:GPIOPinRead</name>
         <load_address>0x465e</load_address>
         <run_address>0x465e</run_address>
         <size>0x6</size>
         <input_file_ref idref="fl-161"/>
      </object_component>
      <object_component id="oc-365">
         <name>.text:GPIOPinWrite</name>
         <load_address>0x4664</load_address>
         <run_address>0x4664</run_address>
         <size>0x6</size>
         <input_file_ref idref="fl-161"/>
      </object_component>
      <object_component id="oc-d7">
         <name>.text:SysCtlDelay</name>
         <load_address>0x466a</load_address>
         <run_address>0x466a</run_address>
         <size>0x6</size>
         <input_file_ref idref="fl-165"/>
      </object_component>
      <object_component id="oc-18">
         <name>.text:decompress:rle24</name>
         <load_address>0x4670</load_address>
         <run_address>0x4670</run_address>
         <size>0x6</size>
         <input_file_ref idref="fl-137"/>
      </object_component>
      <object_component id="oc-d1">
         <name>.text:TimerIntClear</name>
         <load_address>0x4676</load_address>
         <run_address>0x4676</run_address>
         <size>0x4</size>
         <input_file_ref idref="fl-167"/>
      </object_component>
      <object_component id="oc-5b">
         <name>.text</name>
         <load_address>0x467a</load_address>
         <run_address>0x467a</run_address>
         <size>0x4</size>
         <input_file_ref idref="fl-140"/>
      </object_component>
      <object_component id="oc-39c">
         <name>.const:g_pucFont</name>
         <load_address>0x4680</load_address>
         <run_address>0x4680</run_address>
         <size>0x1e0</size>
         <input_file_ref idref="fl-c"/>
      </object_component>
      <object_component id="oc-3f4">
         <name>.const:.string:_ctypes_</name>
         <load_address>0x4860</load_address>
         <run_address>0x4860</run_address>
         <size>0x101</size>
         <input_file_ref idref="fl-14c"/>
      </object_component>
      <object_component id="oc-2e5">
         <name>.const</name>
         <load_address>0x4964</load_address>
         <run_address>0x4964</run_address>
         <size>0x70</size>
         <input_file_ref idref="fl-162"/>
      </object_component>
      <object_component id="oc-1c5">
         <name>.const:g_pulXtals</name>
         <load_address>0x49d4</load_address>
         <run_address>0x49d4</run_address>
         <size>0x6c</size>
         <input_file_ref idref="fl-165"/>
      </object_component>
      <object_component id="oc-2e1">
         <name>.const:g_ppulTimerIntMap</name>
         <load_address>0x4a40</load_address>
         <run_address>0x4a40</run_address>
         <size>0x60</size>
         <input_file_ref idref="fl-167"/>
      </object_component>
      <object_component id="oc-39f">
         <name>.const:.string:g_pucRIT128x96x4Init</name>
         <load_address>0x4aa0</load_address>
         <run_address>0x4aa0</run_address>
         <size>0x4f</size>
         <input_file_ref idref="fl-c"/>
      </object_component>
      <object_component id="oc-1bb">
         <name>.const</name>
         <load_address>0x4af0</load_address>
         <run_address>0x4af0</run_address>
         <size>0x40</size>
         <input_file_ref idref="fl-165"/>
      </object_component>
      <object_component id="oc-1ac">
         <name>.const:.string</name>
         <load_address>0x4b30</load_address>
         <run_address>0x4b30</run_address>
         <size>0xc</size>
         <input_file_ref idref="fl-3"/>
      </object_component>
      <object_component id="oc-399">
         <name>.const:.string</name>
         <load_address>0x4b3c</load_address>
         <run_address>0x4b3c</run_address>
         <size>0xc</size>
         <input_file_ref idref="fl-c"/>
      </object_component>
      <object_component id="oc-4ad">
         <name>.cinit..data.load</name>
         <load_address>0x4b48</load_address>
         <run_address>0x4b48</run_address>
         <size>0x59</size>
      </object_component>
      <object_component id="oc-4aa">
         <name>__TI_handler_table</name>
         <load_address>0x4ba4</load_address>
         <run_address>0x4ba4</run_address>
         <size>0xc</size>
      </object_component>
      <object_component id="oc-4ae">
         <name>.cinit..bss.load</name>
         <load_address>0x4bb0</load_address>
         <run_address>0x4bb0</run_address>
         <size>0x8</size>
      </object_component>
      <object_component id="oc-4ac">
         <name>.cinit..vtable.load</name>
         <load_address>0x4bb8</load_address>
         <run_address>0x4bb8</run_address>
         <size>0x8</size>
      </object_component>
      <object_component id="oc-4ab">
         <name>__TI_cinit_table</name>
         <load_address>0x4bc0</load_address>
         <run_address>0x4bc0</run_address>
         <size>0x18</size>
      </object_component>
      <object_component id="oc-2dc">
         <name>.vtable</name>
         <uninitialized>true</uninitialized>
         <run_address>0x20000000</run_address>
         <size>0x26c</size>
         <input_file_ref idref="fl-162"/>
      </object_component>
      <object_component id="oc-2a">
         <name>.sysmem</name>
         <uninitialized>true</uninitialized>
         <run_address>0x20000a70</run_address>
         <size>0x8</size>
         <input_file_ref idref="fl-13e"/>
      </object_component>
      <object_component id="oc-4b0">
         <name>.sysmem</name>
         <uninitialized>true</uninitialized>
         <run_address>0x20000a70</run_address>
         <size>0x0</size>
      </object_component>
      <object_component id="oc-29">
         <name>.stack</name>
         <uninitialized>true</uninitialized>
         <run_address>0x2000026c</run_address>
         <size>0x0</size>
         <input_file_ref idref="fl-135"/>
      </object_component>
      <object_component id="oc-4af">
         <name>.stack</name>
         <uninitialized>true</uninitialized>
         <run_address>0x2000026c</run_address>
         <size>0x0</size>
      </object_component>
      <object_component id="oc-1af">
         <name>.bss:buttonsArray</name>
         <uninitialized>true</uninitialized>
         <run_address>0x20001404</run_address>
         <size>0x60</size>
         <input_file_ref idref="fl-3"/>
      </object_component>
      <object_component id="oc-144">
         <name>.bss:tasks</name>
         <uninitialized>true</uninitialized>
         <run_address>0x20001464</run_address>
         <size>0x60</size>
         <input_file_ref idref="fl-8"/>
      </object_component>
      <object_component id="oc-294">
         <name>.common:altitudeBuffer</name>
         <uninitialized>true</uninitialized>
         <run_address>0x200014c4</run_address>
         <size>0x10</size>
      </object_component>
      <object_component id="oc-1b2">
         <name>.common:sysTickmHz</name>
         <uninitialized>true</uninitialized>
         <run_address>0x200014e0</run_address>
         <size>0x4</size>
      </object_component>
      <object_component id="oc-371">
         <name>.common:g_ulSSIFlags</name>
         <uninitialized>true</uninitialized>
         <run_address>0x200014dc</run_address>
         <size>0x4</size>
      </object_component>
      <object_component id="oc-398">
         <name>.common:g_pucBuffer</name>
         <uninitialized>true</uninitialized>
         <run_address>0x200014d4</run_address>
         <size>0x8</size>
      </object_component>
      <object_component id="oc-297">
         <name>.data</name>
         <load_address>0x200013b4</load_address>
         <run_address>0x200013b4</run_address>
         <size>0xc</size>
         <input_file_ref idref="fl-2"/>
      </object_component>
      <object_component id="oc-1b5">
         <name>.data</name>
         <load_address>0x200013f8</load_address>
         <run_address>0x200013f8</run_address>
         <size>0x4</size>
         <input_file_ref idref="fl-3"/>
      </object_component>
      <object_component id="oc-180">
         <name>.data</name>
         <load_address>0x200013a0</load_address>
         <run_address>0x200013a0</run_address>
         <size>0x14</size>
         <input_file_ref idref="fl-7"/>
      </object_component>
      <object_component id="oc-147">
         <name>.data</name>
         <load_address>0x200013d8</load_address>
         <run_address>0x200013d8</run_address>
         <size>0x8</size>
         <input_file_ref idref="fl-8"/>
      </object_component>
      <object_component id="oc-232">
         <name>.data</name>
         <load_address>0x200013c0</load_address>
         <run_address>0x200013c0</run_address>
         <size>0xc</size>
         <input_file_ref idref="fl-a"/>
      </object_component>
      <object_component id="oc-af">
         <name>.data</name>
         <load_address>0x200013e8</load_address>
         <run_address>0x200013e8</run_address>
         <size>0x8</size>
         <input_file_ref idref="fl-139"/>
      </object_component>
      <object_component id="oc-417">
         <name>.data</name>
         <load_address>0x200013cc</load_address>
         <run_address>0x200013cc</run_address>
         <size>0xc</size>
         <input_file_ref idref="fl-13e"/>
      </object_component>
      <object_component id="oc-73">
         <name>.data</name>
         <load_address>0x20001400</load_address>
         <run_address>0x20001400</run_address>
         <size>0x4</size>
         <input_file_ref idref="fl-142"/>
      </object_component>
      <object_component id="oc-ac">
         <name>.data</name>
         <load_address>0x200013e0</load_address>
         <run_address>0x200013e0</run_address>
         <size>0x8</size>
         <input_file_ref idref="fl-146"/>
      </object_component>
      <object_component id="oc-429">
         <name>.data</name>
         <load_address>0x20001320</load_address>
         <run_address>0x20001320</run_address>
         <size>0x80</size>
         <input_file_ref idref="fl-15a"/>
      </object_component>
      <object_component id="oc-434">
         <name>.data</name>
         <load_address>0x200013fc</load_address>
         <run_address>0x200013fc</run_address>
         <size>0x4</size>
         <input_file_ref idref="fl-15b"/>
      </object_component>
      <object_component id="oc-45c">
         <name>.data</name>
         <load_address>0x200013f0</load_address>
         <run_address>0x200013f0</run_address>
         <size>0x8</size>
         <input_file_ref idref="fl-15c"/>
      </object_component>
      <object_component id="oc-477">
         <name>.data:sigtable</name>
         <load_address>0x20001270</load_address>
         <run_address>0x20001270</run_address>
         <size>0xb0</size>
         <input_file_ref idref="fl-15e"/>
      </object_component>
      <object_component id="oc-295">
         <name>.debug_info</name>
         <load_address>0x0</load_address>
         <run_address>0x0</run_address>
         <size>0x3ed</size>
         <input_file_ref idref="fl-2"/>
      </object_component>
      <object_component id="oc-298">
         <name>.debug_info</name>
         <load_address>0x3ed</load_address>
         <run_address>0x3ed</run_address>
         <size>0x11c</size>
         <input_file_ref idref="fl-2"/>
      </object_component>
      <object_component id="oc-16f">
         <name>.debug_info</name>
         <load_address>0x509</load_address>
         <run_address>0x509</run_address>
         <size>0x316</size>
         <input_file_ref idref="fl-2"/>
      </object_component>
      <object_component id="oc-3bc">
         <name>.debug_info</name>
         <load_address>0x81f</load_address>
         <run_address>0x81f</run_address>
         <size>0x86</size>
         <input_file_ref idref="fl-2"/>
      </object_component>
      <object_component id="oc-7e">
         <name>.debug_info</name>
         <load_address>0x8a5</load_address>
         <run_address>0x8a5</run_address>
         <size>0x84</size>
         <input_file_ref idref="fl-2"/>
      </object_component>
      <object_component id="oc-2a9">
         <name>.debug_info</name>
         <load_address>0x929</load_address>
         <run_address>0x929</run_address>
         <size>0x2c</size>
         <input_file_ref idref="fl-2"/>
      </object_component>
      <object_component id="oc-1b3">
         <name>.debug_info</name>
         <load_address>0x955</load_address>
         <run_address>0x955</run_address>
         <size>0x1d7</size>
         <input_file_ref idref="fl-3"/>
      </object_component>
      <object_component id="oc-1ad">
         <name>.debug_info</name>
         <load_address>0xb2c</load_address>
         <run_address>0xb2c</run_address>
         <size>0xfe</size>
         <input_file_ref idref="fl-3"/>
      </object_component>
      <object_component id="oc-1b0">
         <name>.debug_info</name>
         <load_address>0xc2a</load_address>
         <run_address>0xc2a</run_address>
         <size>0xd0</size>
         <input_file_ref idref="fl-3"/>
      </object_component>
      <object_component id="oc-1b6">
         <name>.debug_info</name>
         <load_address>0xcfa</load_address>
         <run_address>0xcfa</run_address>
         <size>0xce</size>
         <input_file_ref idref="fl-3"/>
      </object_component>
      <object_component id="oc-df">
         <name>.debug_info</name>
         <load_address>0xdc8</load_address>
         <run_address>0xdc8</run_address>
         <size>0x5c6</size>
         <input_file_ref idref="fl-3"/>
      </object_component>
      <object_component id="oc-2cb">
         <name>.debug_info</name>
         <load_address>0x138e</load_address>
         <run_address>0x138e</run_address>
         <size>0xb8</size>
         <input_file_ref idref="fl-3"/>
      </object_component>
      <object_component id="oc-2b8">
         <name>.debug_info</name>
         <load_address>0x1446</load_address>
         <run_address>0x1446</run_address>
         <size>0x110</size>
         <input_file_ref idref="fl-3"/>
      </object_component>
      <object_component id="oc-175">
         <name>.debug_info</name>
         <load_address>0x1556</load_address>
         <run_address>0x1556</run_address>
         <size>0x288</size>
         <input_file_ref idref="fl-4"/>
      </object_component>
      <object_component id="oc-3b3">
         <name>.debug_info</name>
         <load_address>0x17de</load_address>
         <run_address>0x17de</run_address>
         <size>0x130</size>
         <input_file_ref idref="fl-5"/>
      </object_component>
      <object_component id="oc-26c">
         <name>.debug_info</name>
         <load_address>0x190e</load_address>
         <run_address>0x190e</run_address>
         <size>0x319</size>
         <input_file_ref idref="fl-5"/>
      </object_component>
      <object_component id="oc-25e">
         <name>.debug_info</name>
         <load_address>0x1c27</load_address>
         <run_address>0x1c27</run_address>
         <size>0x237</size>
         <input_file_ref idref="fl-6"/>
      </object_component>
      <object_component id="oc-169">
         <name>.debug_info</name>
         <load_address>0x1e5e</load_address>
         <run_address>0x1e5e</run_address>
         <size>0x4a6</size>
         <input_file_ref idref="fl-6"/>
      </object_component>
      <object_component id="oc-3a5">
         <name>.debug_info</name>
         <load_address>0x2304</load_address>
         <run_address>0x2304</run_address>
         <size>0xc8</size>
         <input_file_ref idref="fl-6"/>
      </object_component>
      <object_component id="oc-1f6">
         <name>.debug_info</name>
         <load_address>0x23cc</load_address>
         <run_address>0x23cc</run_address>
         <size>0x4e</size>
         <input_file_ref idref="fl-6"/>
      </object_component>
      <object_component id="oc-2b0">
         <name>.debug_info</name>
         <load_address>0x241a</load_address>
         <run_address>0x241a</run_address>
         <size>0xb4</size>
         <input_file_ref idref="fl-7"/>
      </object_component>
      <object_component id="oc-181">
         <name>.debug_info</name>
         <load_address>0x24ce</load_address>
         <run_address>0x24ce</run_address>
         <size>0x174</size>
         <input_file_ref idref="fl-7"/>
      </object_component>
      <object_component id="oc-184">
         <name>.debug_info</name>
         <load_address>0x2642</load_address>
         <run_address>0x2642</run_address>
         <size>0x8c5</size>
         <input_file_ref idref="fl-8"/>
      </object_component>
      <object_component id="oc-145">
         <name>.debug_info</name>
         <load_address>0x2f07</load_address>
         <run_address>0x2f07</run_address>
         <size>0xc6</size>
         <input_file_ref idref="fl-8"/>
      </object_component>
      <object_component id="oc-148">
         <name>.debug_info</name>
         <load_address>0x2fcd</load_address>
         <run_address>0x2fcd</run_address>
         <size>0xd0</size>
         <input_file_ref idref="fl-8"/>
      </object_component>
      <object_component id="oc-a7">
         <name>.debug_info</name>
         <load_address>0x309d</load_address>
         <run_address>0x309d</run_address>
         <size>0xa6a</size>
         <input_file_ref idref="fl-8"/>
      </object_component>
      <object_component id="oc-2b3">
         <name>.debug_info</name>
         <load_address>0x3b07</load_address>
         <run_address>0x3b07</run_address>
         <size>0xd8</size>
         <input_file_ref idref="fl-8"/>
      </object_component>
      <object_component id="oc-35">
         <name>.debug_info</name>
         <load_address>0x3bdf</load_address>
         <run_address>0x3bdf</run_address>
         <size>0xf9</size>
         <input_file_ref idref="fl-9"/>
      </object_component>
      <object_component id="oc-10">
         <name>.debug_info</name>
         <load_address>0x3cd8</load_address>
         <run_address>0x3cd8</run_address>
         <size>0xdf</size>
         <input_file_ref idref="fl-9"/>
      </object_component>
      <object_component id="oc-2f">
         <name>.debug_info</name>
         <load_address>0x3db7</load_address>
         <run_address>0x3db7</run_address>
         <size>0x232</size>
         <input_file_ref idref="fl-9"/>
      </object_component>
      <object_component id="oc-83">
         <name>.debug_info</name>
         <load_address>0x3fe9</load_address>
         <run_address>0x3fe9</run_address>
         <size>0x18b</size>
         <input_file_ref idref="fl-9"/>
      </object_component>
      <object_component id="oc-233">
         <name>.debug_info</name>
         <load_address>0x4174</load_address>
         <run_address>0x4174</run_address>
         <size>0xd4</size>
         <input_file_ref idref="fl-a"/>
      </object_component>
      <object_component id="oc-159">
         <name>.debug_info</name>
         <load_address>0x4248</load_address>
         <run_address>0x4248</run_address>
         <size>0x9f8</size>
         <input_file_ref idref="fl-a"/>
      </object_component>
      <object_component id="oc-372">
         <name>.debug_info</name>
         <load_address>0x4c40</load_address>
         <run_address>0x4c40</run_address>
         <size>0x423</size>
         <input_file_ref idref="fl-c"/>
      </object_component>
      <object_component id="oc-39a">
         <name>.debug_info</name>
         <load_address>0x5063</load_address>
         <run_address>0x5063</run_address>
         <size>0x169</size>
         <input_file_ref idref="fl-c"/>
      </object_component>
      <object_component id="oc-39d">
         <name>.debug_info</name>
         <load_address>0x51cc</load_address>
         <run_address>0x51cc</run_address>
         <size>0xfb</size>
         <input_file_ref idref="fl-c"/>
      </object_component>
      <object_component id="oc-3a0">
         <name>.debug_info</name>
         <load_address>0x52c7</load_address>
         <run_address>0x52c7</run_address>
         <size>0x111</size>
         <input_file_ref idref="fl-c"/>
      </object_component>
      <object_component id="oc-259">
         <name>.debug_info</name>
         <load_address>0x53d8</load_address>
         <run_address>0x53d8</run_address>
         <size>0xfa3</size>
         <input_file_ref idref="fl-c"/>
      </object_component>
      <object_component id="oc-255">
         <name>.debug_info</name>
         <load_address>0x637b</load_address>
         <run_address>0x637b</run_address>
         <size>0x254</size>
         <input_file_ref idref="fl-d"/>
      </object_component>
      <object_component id="oc-15e">
         <name>.debug_info</name>
         <load_address>0x65cf</load_address>
         <run_address>0x65cf</run_address>
         <size>0x27e</size>
         <input_file_ref idref="fl-d"/>
      </object_component>
      <object_component id="oc-93">
         <name>.debug_info</name>
         <load_address>0x684d</load_address>
         <run_address>0x684d</run_address>
         <size>0x2c</size>
         <input_file_ref idref="fl-e"/>
      </object_component>
      <object_component id="oc-25">
         <name>.debug_info</name>
         <load_address>0x6879</load_address>
         <run_address>0x6879</run_address>
         <size>0x136</size>
         <input_file_ref idref="fl-135"/>
      </object_component>
      <object_component id="oc-41">
         <name>.debug_info</name>
         <load_address>0x69af</load_address>
         <run_address>0x69af</run_address>
         <size>0x123</size>
         <input_file_ref idref="fl-136"/>
      </object_component>
      <object_component id="oc-16">
         <name>.debug_info</name>
         <load_address>0x6ad2</load_address>
         <run_address>0x6ad2</run_address>
         <size>0x1c2</size>
         <input_file_ref idref="fl-136"/>
      </object_component>
      <object_component id="oc-3c">
         <name>.debug_info</name>
         <load_address>0x6c94</load_address>
         <run_address>0x6c94</run_address>
         <size>0x46</size>
         <input_file_ref idref="fl-136"/>
      </object_component>
      <object_component id="oc-89">
         <name>.debug_info</name>
         <load_address>0x6cda</load_address>
         <run_address>0x6cda</run_address>
         <size>0x2c</size>
         <input_file_ref idref="fl-136"/>
      </object_component>
      <object_component id="oc-49">
         <name>.debug_info</name>
         <load_address>0x6d06</load_address>
         <run_address>0x6d06</run_address>
         <size>0x117</size>
         <input_file_ref idref="fl-137"/>
      </object_component>
      <object_component id="oc-43">
         <name>.debug_info</name>
         <load_address>0x6e1d</load_address>
         <run_address>0x6e1d</run_address>
         <size>0x22a</size>
         <input_file_ref idref="fl-137"/>
      </object_component>
      <object_component id="oc-1a">
         <name>.debug_info</name>
         <load_address>0x7047</load_address>
         <run_address>0x7047</run_address>
         <size>0x194</size>
         <input_file_ref idref="fl-137"/>
      </object_component>
      <object_component id="oc-4a">
         <name>.debug_info</name>
         <load_address>0x71db</load_address>
         <run_address>0x71db</run_address>
         <size>0x39</size>
         <input_file_ref idref="fl-137"/>
      </object_component>
      <object_component id="oc-5a">
         <name>.debug_info</name>
         <load_address>0x7214</load_address>
         <run_address>0x7214</run_address>
         <size>0x112</size>
         <input_file_ref idref="fl-138"/>
      </object_component>
      <object_component id="oc-1f">
         <name>.debug_info</name>
         <load_address>0x7326</load_address>
         <run_address>0x7326</run_address>
         <size>0x18d</size>
         <input_file_ref idref="fl-138"/>
      </object_component>
      <object_component id="oc-55">
         <name>.debug_info</name>
         <load_address>0x74b3</load_address>
         <run_address>0x74b3</run_address>
         <size>0x46</size>
         <input_file_ref idref="fl-138"/>
      </object_component>
      <object_component id="oc-b3">
         <name>.debug_info</name>
         <load_address>0x74f9</load_address>
         <run_address>0x74f9</run_address>
         <size>0x174</size>
         <input_file_ref idref="fl-139"/>
      </object_component>
      <object_component id="oc-b0">
         <name>.debug_info</name>
         <load_address>0x766d</load_address>
         <run_address>0x766d</run_address>
         <size>0x119</size>
         <input_file_ref idref="fl-139"/>
      </object_component>
      <object_component id="oc-6f">
         <name>.debug_info</name>
         <load_address>0x7786</load_address>
         <run_address>0x7786</run_address>
         <size>0x1f0</size>
         <input_file_ref idref="fl-139"/>
      </object_component>
      <object_component id="oc-30e">
         <name>.debug_info</name>
         <load_address>0x7976</load_address>
         <run_address>0x7976</run_address>
         <size>0x12b</size>
         <input_file_ref idref="fl-13a"/>
      </object_component>
      <object_component id="oc-2f4">
         <name>.debug_info</name>
         <load_address>0x7aa1</load_address>
         <run_address>0x7aa1</run_address>
         <size>0x119</size>
         <input_file_ref idref="fl-13b"/>
      </object_component>
      <object_component id="oc-2f1">
         <name>.debug_info</name>
         <load_address>0x7bba</load_address>
         <run_address>0x7bba</run_address>
         <size>0x119</size>
         <input_file_ref idref="fl-13c"/>
      </object_component>
      <object_component id="oc-38">
         <name>.debug_info</name>
         <load_address>0x7cd3</load_address>
         <run_address>0x7cd3</run_address>
         <size>0xf8</size>
         <input_file_ref idref="fl-13d"/>
      </object_component>
      <object_component id="oc-79">
         <name>.debug_info</name>
         <load_address>0x7dcb</load_address>
         <run_address>0x7dcb</run_address>
         <size>0x205</size>
         <input_file_ref idref="fl-13e"/>
      </object_component>
      <object_component id="oc-2b">
         <name>.debug_info</name>
         <load_address>0x7fd0</load_address>
         <run_address>0x7fd0</run_address>
         <size>0xe4</size>
         <input_file_ref idref="fl-13e"/>
      </object_component>
      <object_component id="oc-418">
         <name>.debug_info</name>
         <load_address>0x80b4</load_address>
         <run_address>0x80b4</run_address>
         <size>0x12f</size>
         <input_file_ref idref="fl-13e"/>
      </object_component>
      <object_component id="oc-3af">
         <name>.debug_info</name>
         <load_address>0x81e3</load_address>
         <run_address>0x81e3</run_address>
         <size>0x86e</size>
         <input_file_ref idref="fl-13e"/>
      </object_component>
      <object_component id="oc-b9">
         <name>.debug_info</name>
         <load_address>0x8a51</load_address>
         <run_address>0x8a51</run_address>
         <size>0x2c</size>
         <input_file_ref idref="fl-13e"/>
      </object_component>
      <object_component id="oc-be">
         <name>.debug_info</name>
         <load_address>0x8a7d</load_address>
         <run_address>0x8a7d</run_address>
         <size>0x62</size>
         <input_file_ref idref="fl-13e"/>
      </object_component>
      <object_component id="oc-52">
         <name>.debug_info</name>
         <load_address>0x8adf</load_address>
         <run_address>0x8adf</run_address>
         <size>0x126</size>
         <input_file_ref idref="fl-13f"/>
      </object_component>
      <object_component id="oc-5c">
         <name>.debug_info</name>
         <load_address>0x8c05</load_address>
         <run_address>0x8c05</run_address>
         <size>0x12b</size>
         <input_file_ref idref="fl-140"/>
      </object_component>
      <object_component id="oc-1f0">
         <name>.debug_info</name>
         <load_address>0x8d30</load_address>
         <run_address>0x8d30</run_address>
         <size>0x1a5</size>
         <input_file_ref idref="fl-141"/>
      </object_component>
      <object_component id="oc-14b">
         <name>.debug_info</name>
         <load_address>0x8ed5</load_address>
         <run_address>0x8ed5</run_address>
         <size>0x321</size>
         <input_file_ref idref="fl-141"/>
      </object_component>
      <object_component id="oc-1f1">
         <name>.debug_info</name>
         <load_address>0x91f6</load_address>
         <run_address>0x91f6</run_address>
         <size>0x2c</size>
         <input_file_ref idref="fl-141"/>
      </object_component>
      <object_component id="oc-1fb">
         <name>.debug_info</name>
         <load_address>0x9222</load_address>
         <run_address>0x9222</run_address>
         <size>0x69</size>
         <input_file_ref idref="fl-141"/>
      </object_component>
      <object_component id="oc-74">
         <name>.debug_info</name>
         <load_address>0x928b</load_address>
         <run_address>0x928b</run_address>
         <size>0xec</size>
         <input_file_ref idref="fl-142"/>
      </object_component>
      <object_component id="oc-201">
         <name>.debug_info</name>
         <load_address>0x9377</load_address>
         <run_address>0x9377</run_address>
         <size>0xcd</size>
         <input_file_ref idref="fl-143"/>
      </object_component>
      <object_component id="oc-153">
         <name>.debug_info</name>
         <load_address>0x9444</load_address>
         <run_address>0x9444</run_address>
         <size>0x1dd</size>
         <input_file_ref idref="fl-143"/>
      </object_component>
      <object_component id="oc-291">
         <name>.debug_info</name>
         <load_address>0x9621</load_address>
         <run_address>0x9621</run_address>
         <size>0x164</size>
         <input_file_ref idref="fl-145"/>
      </object_component>
      <object_component id="oc-194">
         <name>.debug_info</name>
         <load_address>0x9785</load_address>
         <run_address>0x9785</run_address>
         <size>0x107</size>
         <input_file_ref idref="fl-146"/>
      </object_component>
      <object_component id="oc-ad">
         <name>.debug_info</name>
         <load_address>0x988c</load_address>
         <run_address>0x988c</run_address>
         <size>0xf6</size>
         <input_file_ref idref="fl-146"/>
      </object_component>
      <object_component id="oc-18f">
         <name>.debug_info</name>
         <load_address>0x9982</load_address>
         <run_address>0x9982</run_address>
         <size>0x202</size>
         <input_file_ref idref="fl-146"/>
      </object_component>
      <object_component id="oc-337">
         <name>.debug_info</name>
         <load_address>0x9b84</load_address>
         <run_address>0x9b84</run_address>
         <size>0x3a9</size>
         <input_file_ref idref="fl-147"/>
      </object_component>
      <object_component id="oc-1ea">
         <name>.debug_info</name>
         <load_address>0x9f2d</load_address>
         <run_address>0x9f2d</run_address>
         <size>0x17ea</size>
         <input_file_ref idref="fl-147"/>
      </object_component>
      <object_component id="oc-338">
         <name>.debug_info</name>
         <load_address>0xb717</load_address>
         <run_address>0xb717</run_address>
         <size>0x86</size>
         <input_file_ref idref="fl-147"/>
      </object_component>
      <object_component id="oc-3fb">
         <name>.debug_info</name>
         <load_address>0xb79d</load_address>
         <run_address>0xb79d</run_address>
         <size>0x46</size>
         <input_file_ref idref="fl-147"/>
      </object_component>
      <object_component id="oc-33d">
         <name>.debug_info</name>
         <load_address>0xb7e3</load_address>
         <run_address>0xb7e3</run_address>
         <size>0x39</size>
         <input_file_ref idref="fl-147"/>
      </object_component>
      <object_component id="oc-ab">
         <name>.debug_info</name>
         <load_address>0xb81c</load_address>
         <run_address>0xb81c</run_address>
         <size>0x149</size>
         <input_file_ref idref="fl-148"/>
      </object_component>
      <object_component id="oc-69">
         <name>.debug_info</name>
         <load_address>0xb965</load_address>
         <run_address>0xb965</run_address>
         <size>0x14a</size>
         <input_file_ref idref="fl-148"/>
      </object_component>
      <object_component id="oc-187">
         <name>.debug_info</name>
         <load_address>0xbaaf</load_address>
         <run_address>0xbaaf</run_address>
         <size>0x5e</size>
         <input_file_ref idref="fl-148"/>
      </object_component>
      <object_component id="oc-3f8">
         <name>.debug_info</name>
         <load_address>0xbb0d</load_address>
         <run_address>0xbb0d</run_address>
         <size>0xf7</size>
         <input_file_ref idref="fl-149"/>
      </object_component>
      <object_component id="oc-334">
         <name>.debug_info</name>
         <load_address>0xbc04</load_address>
         <run_address>0xbc04</run_address>
         <size>0x154</size>
         <input_file_ref idref="fl-149"/>
      </object_component>
      <object_component id="oc-a3">
         <name>.debug_info</name>
         <load_address>0xbd58</load_address>
         <run_address>0xbd58</run_address>
         <size>0x2a0</size>
         <input_file_ref idref="fl-14a"/>
      </object_component>
      <object_component id="oc-62">
         <name>.debug_info</name>
         <load_address>0xbff8</load_address>
         <run_address>0xbff8</run_address>
         <size>0x194</size>
         <input_file_ref idref="fl-14a"/>
      </object_component>
      <object_component id="oc-c7">
         <name>.debug_info</name>
         <load_address>0xc18c</load_address>
         <run_address>0xc18c</run_address>
         <size>0x39</size>
         <input_file_ref idref="fl-14a"/>
      </object_component>
      <object_component id="oc-cc">
         <name>.debug_info</name>
         <load_address>0xc1c5</load_address>
         <run_address>0xc1c5</run_address>
         <size>0xcd</size>
         <input_file_ref idref="fl-14a"/>
      </object_component>
      <object_component id="oc-c4">
         <name>.debug_info</name>
         <load_address>0xc292</load_address>
         <run_address>0xc292</run_address>
         <size>0x1c3</size>
         <input_file_ref idref="fl-14b"/>
      </object_component>
      <object_component id="oc-9f">
         <name>.debug_info</name>
         <load_address>0xc455</load_address>
         <run_address>0xc455</run_address>
         <size>0x166</size>
         <input_file_ref idref="fl-14b"/>
      </object_component>
      <object_component id="oc-19c">
         <name>.debug_info</name>
         <load_address>0xc5bb</load_address>
         <run_address>0xc5bb</run_address>
         <size>0x2c</size>
         <input_file_ref idref="fl-14b"/>
      </object_component>
      <object_component id="oc-442">
         <name>.debug_info</name>
         <load_address>0xc5e7</load_address>
         <run_address>0xc5e7</run_address>
         <size>0xd1</size>
         <input_file_ref idref="fl-14c"/>
      </object_component>
      <object_component id="oc-3f5">
         <name>.debug_info</name>
         <load_address>0xc6b8</load_address>
         <run_address>0xc6b8</run_address>
         <size>0xdd</size>
         <input_file_ref idref="fl-14c"/>
      </object_component>
      <object_component id="oc-2ea">
         <name>.debug_info</name>
         <load_address>0xc795</load_address>
         <run_address>0xc795</run_address>
         <size>0x107</size>
         <input_file_ref idref="fl-14d"/>
      </object_component>
      <object_component id="oc-2f9">
         <name>.debug_info</name>
         <load_address>0xc89c</load_address>
         <run_address>0xc89c</run_address>
         <size>0x109</size>
         <input_file_ref idref="fl-14d"/>
      </object_component>
      <object_component id="oc-2fe">
         <name>.debug_info</name>
         <load_address>0xc9a5</load_address>
         <run_address>0xc9a5</run_address>
         <size>0x10d</size>
         <input_file_ref idref="fl-14e"/>
      </object_component>
      <object_component id="oc-3df">
         <name>.debug_info</name>
         <load_address>0xcab2</load_address>
         <run_address>0xcab2</run_address>
         <size>0x16f</size>
         <input_file_ref idref="fl-14f"/>
      </object_component>
      <object_component id="oc-313">
         <name>.debug_info</name>
         <load_address>0xcc21</load_address>
         <run_address>0xcc21</run_address>
         <size>0x16f</size>
         <input_file_ref idref="fl-14f"/>
      </object_component>
      <object_component id="oc-309">
         <name>.debug_info</name>
         <load_address>0xcd90</load_address>
         <run_address>0xcd90</run_address>
[...]
         <name>memcpy</name>
         <value>0x3811</value>
         <object_component_ref idref="oc-36"/>
      </symbol>
      <symbol id="sm-3c9">
         <name>__aeabi_memcpy</name>
         <value>0x3811</value>
         <object_component_ref idref="oc-36"/>
      </symbol>
      <symbol id="sm-3ca">
         <name>__aeabi_memcpy8</name>
         <value>0x3811</value>
         <object_component_ref idref="oc-36"/>
      </symbol>
      <symbol id="sm-3cb">
         <name>__aeabi_memcpy4</name>
         <value>0x3811</value>
         <object_component_ref idref="oc-36"/>
      </symbol>
      <symbol id="sm-442">
         <name>_sys_memory</name>
         <value>0x20000a70</value>
         <object_component_ref idref="oc-2a"/>
      </symbol>
      <symbol id="sm-443">
         <name>free</name>
         <value>0x2177</value>
         <object_component_ref idref="oc-3ac"/>
      </symbol>
      <symbol id="sm-444">
         <name>realloc</name>
         <value>0x2239</value>
         <object_component_ref idref="oc-3ac"/>
      </symbol>
      <symbol id="sm-445">
         <name>memalign</name>
         <value>0x2345</value>
         <object_component_ref idref="oc-3ac"/>
      </symbol>
      <symbol id="sm-446">
         <name>calloc</name>
         <value>0x2429</value>
         <object_component_ref idref="oc-3ac"/>
      </symbol>
      <symbol id="sm-447">
         <name>malloc</name>
         <value>0x210f</value>
         <object_component_ref idref="oc-3ac"/>
      </symbol>
      <symbol id="sm-448">
         <name>minit</name>
         <value>0x2081</value>
         <object_component_ref idref="oc-3ac"/>
      </symbol>
      <symbol id="sm-457">
         <name>__aeabi_memset</name>
         <value>0x3adb</value>
         <object_component_ref idref="oc-4f"/>
      </symbol>
      <symbol id="sm-458">
         <name>memset</name>
         <value>0x3ae1</value>
         <object_component_ref idref="oc-4f"/>
      </symbol>
      <symbol id="sm-459">
         <name>__aeabi_memset8</name>
         <value>0x3adb</value>
         <object_component_ref idref="oc-4f"/>
      </symbol>
      <symbol id="sm-45a">
         <name>__aeabi_memset4</name>
         <value>0x3adb</value>
         <object_component_ref idref="oc-4f"/>
      </symbol>
      <symbol id="sm-45b">
         <name>__aeabi_memclr8</name>
         <value>0x3ad9</value>
         <object_component_ref idref="oc-4f"/>
      </symbol>
      <symbol id="sm-45c">
         <name>__aeabi_memclr4</name>
         <value>0x3ad9</value>
         <object_component_ref idref="oc-4f"/>
      </symbol>
      <symbol id="sm-45d">
         <name>__aeabi_memclr</name>
         <value>0x3ad9</value>
         <object_component_ref idref="oc-4f"/>
      </symbol>
      <symbol id="sm-467">
         <name>_system_pre_init</name>
         <value>0x467b</value>
         <object_component_ref idref="oc-5b"/>
      </symbol>
      <symbol id="sm-488">
         <name>snprintf</name>
         <value>0x38ad</value>
         <object_component_ref idref="oc-14a"/>
      </symbol>
      <symbol id="sm-490">
         <name>main_func_sp</name>
         <value>0x20001400</value>
         <object_component_ref idref="oc-73"/>
      </symbol>
      <symbol id="sm-49e">
         <name>strlen</name>
         <value>0x44b9</value>
         <object_component_ref idref="oc-150"/>
      </symbol>
      <symbol id="sm-4cc">
         <name>__aeabi_uldivmod</name>
         <value>0x2815</value>
         <object_component_ref idref="oc-28f"/>
      </symbol>
      <symbol id="sm-4e5">
         <name>_nop</name>
         <value>0x44b3</value>
         <object_component_ref idref="oc-18c"/>
      </symbol>
      <symbol id="sm-4e6">
         <name>_lock</name>
         <value>0x200013e0</value>
         <object_component_ref idref="oc-ac"/>
      </symbol>
      <symbol id="sm-4e7">
         <name>_unlock</name>
         <value>0x200013e4</value>
         <object_component_ref idref="oc-ac"/>
      </symbol>
      <symbol id="sm-4e8">
         <name>_register_lock</name>
         <value>0x44ab</value>
         <object_component_ref idref="oc-18c"/>
      </symbol>
      <symbol id="sm-4e9">
         <name>_register_unlock</name>
         <value>0x44a5</value>
         <object_component_ref idref="oc-18c"/>
      </symbol>
      <symbol id="sm-5ee">
         <name>__TI_printfi</name>
         <value>0xe85</value>
         <object_component_ref idref="oc-1e9"/>
      </symbol>
      <symbol id="sm-603">
         <name>_args_main</name>
         <value>0x4425</value>
         <object_component_ref idref="oc-67"/>
      </symbol>
      <symbol id="sm-619">
         <name>atoi</name>
         <value>0x3e8d</value>
         <object_component_ref idref="oc-330"/>
      </symbol>
      <symbol id="sm-63f">
         <name>__TI_auto_init</name>
         <value>0x3c31</value>
         <object_component_ref idref="oc-61"/>
      </symbol>
      <symbol id="sm-659">
         <name>copy_in</name>
         <value>0x3ed9</value>
         <object_component_ref idref="oc-9c"/>
      </symbol>
      <symbol id="sm-664">
         <name>_ctypes_</name>
         <value>0x4860</value>
         <object_component_ref idref="oc-3f4"/>
      </symbol>
      <symbol id="sm-68b">
         <name>__aeabi_cdcmpeq</name>
         <value>0x39cd</value>
         <object_component_ref idref="oc-2e9"/>
      </symbol>
      <symbol id="sm-68c">
         <name>__aeabi_cdcmple</name>
         <value>0x39cd</value>
         <object_component_ref idref="oc-2e9"/>
      </symbol>
      <symbol id="sm-68d">
         <name>__aeabi_cdrcmple</name>
         <value>0x3a53</value>
         <object_component_ref idref="oc-2f8"/>
      </symbol>
      <symbol id="sm-69b">
         <name>__aeabi_d2iz</name>
         <value>0x3f25</value>
         <object_component_ref idref="oc-2fd"/>
      </symbol>
      <symbol id="sm-6a8">
         <name>frexp</name>
         <value>0x4317</value>
         <object_component_ref idref="oc-312"/>
      </symbol>
      <symbol id="sm-6b5">
         <name>__aeabi_i2d</name>
         <value>0x41cd</value>
         <object_component_ref idref="oc-308"/>
      </symbol>
      <symbol id="sm-6c6">
         <name>ldexp</name>
         <value>0x3fb3</value>
         <object_component_ref idref="oc-318"/>
      </symbol>
      <symbol id="sm-6d5">
         <name>ltoa</name>
         <value>0x3e35</value>
         <object_component_ref idref="oc-302"/>
      </symbol>
      <symbol id="sm-6e5">
         <name>memccpy</name>
         <value>0x440b</value>
         <object_component_ref idref="oc-32a"/>
      </symbol>
      <symbol id="sm-6f5">
         <name>strchr</name>
         <value>0x443d</value>
         <object_component_ref idref="oc-31e"/>
      </symbol>
      <symbol id="sm-703">
         <name>_Dclass</name>
         <value>0x427d</value>
         <object_component_ref idref="oc-324"/>
      </symbol>
      <symbol id="sm-724">
         <name>_Dscale</name>
         <value>0x33d5</value>
         <object_component_ref idref="oc-3e0"/>
      </symbol>
      <symbol id="sm-738">
         <name>_Dunscale</name>
         <value>0x3d71</value>
         <object_component_ref idref="oc-3d8"/>
      </symbol>
      <symbol id="sm-747">
         <name>_Feraise</name>
         <value>0x419d</value>
         <object_component_ref idref="oc-3e6"/>
      </symbol>
      <symbol id="sm-757">
         <name>_Rteps</name>
         <value>0x20001380</value>
         <object_component_ref idref="oc-429"/>
      </symbol>
      <symbol id="sm-758">
         <name>_Zero</name>
         <value>0x20001398</value>
         <object_component_ref idref="oc-429"/>
      </symbol>
      <symbol id="sm-759">
         <name>_Hugeval</name>
         <value>0x20001340</value>
         <object_component_ref idref="oc-429"/>
      </symbol>
      <symbol id="sm-75a">
         <name>_Snan</name>
         <value>0x20001370</value>
         <object_component_ref idref="oc-429"/>
      </symbol>
      <symbol id="sm-75b">
         <name>_Nan</name>
         <value>0x20001360</value>
         <object_component_ref idref="oc-429"/>
      </symbol>
      <symbol id="sm-75c">
         <name>_Inf</name>
         <value>0x20001350</value>
         <object_component_ref idref="oc-429"/>
      </symbol>
      <symbol id="sm-75d">
         <name>_Xbig</name>
         <value>0x20001390</value>
         <object_component_ref idref="oc-429"/>
      </symbol>
      <symbol id="sm-75e">
         <name>_Eps</name>
         <value>0x20001330</value>
         <object_component_ref idref="oc-429"/>
      </symbol>
      <symbol id="sm-75f">
         <name>_Denorm</name>
         <value>0x20001320</value>
         <object_component_ref idref="oc-429"/>
      </symbol>
      <symbol id="sm-767">
         <name>_Errno</name>
         <value>0x200013fc</value>
         <object_component_ref idref="oc-434"/>
      </symbol>
      <symbol id="sm-785">
         <name>feraiseexcept</name>
         <value>0x4169</value>
         <object_component_ref idref="oc-42e"/>
      </symbol>
      <symbol id="sm-786">
         <name>_Tls_setup__Fenv</name>
         <value>0x200013f4</value>
         <object_component_ref idref="oc-45c"/>
      </symbol>
      <symbol id="sm-787">
         <name>_Fenv</name>
         <value>0x200013f0</value>
         <object_component_ref idref="oc-45c"/>
      </symbol>
      <symbol id="sm-79b">
         <name>raise</name>
         <value>0x41fb</value>
         <object_component_ref idref="oc-456"/>
      </symbol>
      <symbol id="sm-7b5">
         <name>signal</name>
         <value>0x4081</value>
         <object_component_ref idref="oc-466"/>
      </symbol>
      <symbol id="sm-7ca">
         <name>_Dnorm</name>
         <value>0x35e1</value>
         <object_component_ref idref="oc-41f"/>
      </symbol>
      <symbol id="sm-816">
         <name>ADCProcessorTrigger</name>
         <value>0x43f1</value>
         <object_component_ref idref="oc-d8"/>
      </symbol>
      <symbol id="sm-817">
         <name>ADCSequenceEnable</name>
         <value>0x45b1</value>
         <object_component_ref idref="oc-27d"/>
      </symbol>
      <symbol id="sm-818">
         <name>ADCSequenceConfigure</name>
         <value>0x4229</value>
         <object_component_ref idref="oc-271"/>
      </symbol>
      <symbol id="sm-819">
         <name>ADCIntEnable</name>
         <value>0x456f</value>
         <object_component_ref idref="oc-289"/>
      </symbol>
      <symbol id="sm-81a">
         <name>ADCSequenceStepConfigure</name>
         <value>0x3bc5</value>
         <object_component_ref idref="oc-277"/>
      </symbol>
      <symbol id="sm-81b">
         <name>ADCIntClear</name>
         <value>0x45ff</value>
         <object_component_ref idref="oc-25f"/>
      </symbol>
      <symbol id="sm-81c">
         <name>ADCIntRegister</name>
         <value>0x42d1</value>
         <object_component_ref idref="oc-283"/>
      </symbol>
      <symbol id="sm-81d">
         <name>ADCSequenceDataGet</name>
         <value>0x4379</value>
         <object_component_ref idref="oc-265"/>
      </symbol>
      <symbol id="sm-86a">
         <name>GPIOPinTypePWM</name>
         <value>0x44f1</value>
         <object_component_ref idref="oc-102"/>
      </symbol>
      <symbol id="sm-86b">
         <name>GPIOPinTypeGPIOInput</name>
         <value>0x44cd</value>
         <object_component_ref idref="oc-f6"/>
      </symbol>
      <symbol id="sm-86c">
         <name>GPIOPinTypeUART</name>
         <value>0x4515</value>
         <object_component_ref idref="oc-236"/>
      </symbol>
      <symbol id="sm-86d">
         <name>GPIOPinTypeGPIOOutput</name>
         <value>0x44df</value>
         <object_component_ref idref="oc-392"/>
      </symbol>
      <symbol id="sm-86e">
         <name>GPIOPinRead</name>
         <value>0x465f</value>
         <object_component_ref idref="oc-e4"/>
      </symbol>
      <symbol id="sm-86f">
         <name>GPIODirModeSet</name>
         <value>0x4253</value>
         <object_component_ref idref="oc-1a6"/>
      </symbol>
      <symbol id="sm-870">
         <name>GPIOPinWrite</name>
         <value>0x4665</value>
         <object_component_ref idref="oc-365"/>
      </symbol>
      <symbol id="sm-871">
         <name>GPIOPadConfigSet</name>
         <value>0x369f</value>
         <object_component_ref idref="oc-fc"/>
      </symbol>
      <symbol id="sm-872">
         <name>GPIOPinTypeSSI</name>
         <value>0x4503</value>
         <object_component_ref idref="oc-380"/>
      </symbol>
      <symbol id="sm-8b3">
         <name>IntEnable</name>
         <value>0x3d09</value>
         <object_component_ref idref="oc-1dc"/>
      </symbol>
      <symbol id="sm-8b4">
         <name>IntRegister</name>
         <value>0x4135</value>
         <object_component_ref idref="oc-1cb"/>
      </symbol>
      <symbol id="sm-8b5">
         <name>g_pfnRAMVectors</name>
         <value>0x20000000</value>
         <object_component_ref idref="oc-2dc"/>
      </symbol>
      <symbol id="sm-8b6">
         <name>IntMasterEnable</name>
         <value>0x4609</value>
         <object_component_ref idref="oc-17a"/>
      </symbol>
      <symbol id="sm-8f3">
         <name>PWMGenPeriodSet</name>
         <value>0x457f</value>
         <object_component_ref idref="oc-20e"/>
      </symbol>
      <symbol id="sm-8f4">
         <name>PWMPulseWidthSet</name>
         <value>0x43b5</value>
         <object_component_ref idref="oc-214"/>
      </symbol>
      <symbol id="sm-8f5">
         <name>PWMGenPeriodGet</name>
         <value>0x4527</value>
         <object_component_ref idref="oc-226"/>
      </symbol>
      <symbol id="sm-8f6">
         <name>PWMOutputState</name>
         <value>0x4539</value>
         <object_component_ref idref="oc-21a"/>
      </symbol>
      <symbol id="sm-8f7">
         <name>PWMGenEnable</name>
         <value>0x4613</value>
         <object_component_ref idref="oc-220"/>
      </symbol>
      <symbol id="sm-8f8">
         <name>PWMGenConfigure</name>
         <value>0x42f5</value>
         <object_component_ref idref="oc-202"/>
      </symbol>
      <symbol id="sm-8f9">
         <name>PWMPulseWidthGet</name>
         <value>0x4397</value>
         <object_component_ref idref="oc-22c"/>
      </symbol>
      <symbol id="sm-932">
         <name>SSIDataPut</name>
         <value>0x461d</value>
         <object_component_ref idref="oc-36b"/>
      </symbol>
      <symbol id="sm-933">
         <name>SSIDataGetNonBlocking</name>
         <value>0x454b</value>
         <object_component_ref idref="oc-38c"/>
      </symbol>
      <symbol id="sm-934">
         <name>SSIConfigSetExpClk</name>
         <value>0x403d</value>
         <object_component_ref idref="oc-37a"/>
      </symbol>
      <symbol id="sm-935">
         <name>SSIEnable</name>
         <value>0x4631</value>
         <object_component_ref idref="oc-386"/>
      </symbol>
      <symbol id="sm-936">
         <name>SSIBusy</name>
         <value>0x464f</value>
         <object_component_ref idref="oc-35f"/>
      </symbol>
      <symbol id="sm-937">
         <name>SSIDisable</name>
         <value>0x4627</value>
         <object_component_ref idref="oc-374"/>
      </symbol>
      <symbol id="sm-9ce">
         <name>SysCtlClockSet</name>
         <value>0x32a1</value>
         <object_component_ref idref="oc-162"/>
      </symbol>
      <symbol id="sm-9cf">
         <name>SysCtlDelay</name>
         <value>0x466b</value>
         <object_component_ref idref="oc-d7"/>
      </symbol>
      <symbol id="sm-9d0">
         <name>SysCtlPeripheralEnable</name>
         <value>0x3dd9</value>
         <object_component_ref idref="oc-f0"/>
      </symbol>
      <symbol id="sm-9d1">
         <name>SysCtlReset</name>
         <value>0x4591</value>
         <object_component_ref idref="oc-29b"/>
      </symbol>
      <symbol id="sm-9d2">
         <name>SysCtlClockGet</name>
         <value>0x2bc1</value>
         <object_component_ref idref="oc-108"/>
      </symbol>
      <symbol id="sm-9d3">
         <name>SysCtlPWMClockSet</name>
         <value>0x4455</value>
         <object_component_ref idref="oc-208"/>
      </symbol>
      <symbol id="sm-9d4">
         <name>SysCtlPeripheralReset</name>
         <value>0x3941</value>
         <object_component_ref idref="oc-ea"/>
      </symbol>
      <symbol id="sm-a01">
         <name>SysTickEnable</name>
         <value>0x4469</value>
         <object_component_ref idref="oc-120"/>
      </symbol>
      <symbol id="sm-a02">
         <name>SysTickIntRegister</name>
         <value>0x43d5</value>
         <object_component_ref idref="oc-114"/>
      </symbol>
      <symbol id="sm-a03">
         <name>SysTickIntEnable</name>
         <value>0x447d</value>
         <object_component_ref idref="oc-11a"/>
      </symbol>
      <symbol id="sm-a04">
         <name>SysTickPeriodSet</name>
         <value>0x45a1</value>
         <object_component_ref idref="oc-10e"/>
      </symbol>
      <symbol id="sm-a51">
         <name>TimerLoadSet</name>
         <value>0x455d</value>
         <object_component_ref idref="oc-12c"/>
      </symbol>
      <symbol id="sm-a52">
         <name>TimerIntRegister</name>
         <value>0x40fd</value>
         <object_component_ref idref="oc-132"/>
      </symbol>
      <symbol id="sm-a53">
         <name>TimerEnable</name>
         <value>0x45bf</value>
         <object_component_ref idref="oc-13e"/>
      </symbol>
      <symbol id="sm-a54">
         <name>TimerIntEnable</name>
         <value>0x4657</value>
         <object_component_ref idref="oc-138"/>
      </symbol>
      <symbol id="sm-a55">
         <name>TimerConfigure</name>
         <value>0x42a9</value>
         <object_component_ref idref="oc-126"/>
      </symbol>
      <symbol id="sm-a56">
         <name>TimerIntClear</name>
         <value>0x4677</value>
         <object_component_ref idref="oc-d1"/>
      </symbol>
      <symbol id="sm-a88">
         <name>UARTConfigSetExpClk</name>
         <value>0x3f6d</value>
         <object_component_ref idref="oc-23c"/>
      </symbol>
      <symbol id="sm-a89">
         <name>UARTDisable</name>
         <value>0x4359</value>
         <object_component_ref idref="oc-352"/>
      </symbol>
      <symbol id="sm-a8a">
         <name>UARTCharPut</name>
         <value>0x463b</value>
         <object_component_ref idref="oc-24e"/>
      </symbol>
      <symbol id="sm-a8b">
         <name>UARTEnable</name>
         <value>0x4491</value>
         <object_component_ref idref="oc-248"/>
      </symbol>
      <symbol id="sm-a8c">
         <name>UARTFIFOEnable</name>
         <value>0x4645</value>
         <object_component_ref idref="oc-242"/>
      </symbol>
      <symbol id="sm-a96">
         <name>CPUcpsie</name>
         <value>0x45db</value>
         <object_component_ref idref="oc-2a2"/>
      </symbol>
      <symbol id="sm-a97">
         <name>__TI_static_base__</name>
         <value>0x0</value>
      </symbol>
      <symbol id="sm-a9a">
         <name>SHT$$INIT_ARRAY$$Limit</name>
         <value>0x0</value>
      </symbol>
      <symbol id="sm-a9b">
         <name>SHT$$INIT_ARRAY$$Base</name>
         <value>0x0</value>
      </symbol>
   </symbol_table>
   <title>Link successful</title>
</link_info>
